Undefined array key "login" = /index.php = 67
Undefined array key "login" = /index.php = 67
Undefined array key "login" = /index.php = 67
Undefined array key "login" = /index.php = 67
Undefined array key "login" = /index.php = 90
Undefined variable $logoutbtn = /index.php = 177
Undefined array key "login" = /index.php = 90
Undefined variable $logoutbtn = /index.php = 177
Undefined array key "login" = /index.php = 90
Undefined variable $logoutbtn = /index.php = 177
Undefined array key "login" = /index.php = 90
Undefined variable $logoutbtn = /index.php = 177
Undefined array key "login" = /index.php = 90
Undefined variable $logoutbtn = /index.php = 177
Undefined array key "login" = /index.php = 90
Undefined variable $logoutbtn = /index.php = 177
Undefined array key "login" = /index.php = 90
Undefined variable $logoutbtn = /index.php = 177
Undefined array key "login" = /index.php = 90
Undefined variable $logoutbtn = /index.php = 177
Undefined array key "login" = /index.php = 90
Undefined variable $logoutbtn = /index.php = 177
Undefined array key "login" = /index.php = 90
Undefined variable $logoutbtn = /index.php = 177
Undefined array key "login" = /index.php = 90
Undefined variable $logoutbtn = /index.php = 177
Undefined array key "login" = /index.php = 90
Undefined variable $logoutbtn = /index.php = 177
Undefined array key "login" = /index.php = 90
Undefined variable $logoutbtn = /index.php = 177
Undefined array key "login" = /index.php = 90
Undefined variable $logoutbtn = /index.php = 177
Undefined array key "login" = /index.php = 90
Undefined variable $logoutbtn = /index.php = 177
Undefined array key "login" = /index.php = 90
Undefined variable $logoutbtn = /index.php = 177
Undefined array key "login" = /index.php = 90
Undefined variable $logoutbtn = /index.php = 177
Undefined array key "login" = /index.php = 90
Undefined variable $logoutbtn = /index.php = 177
Undefined array key "login" = /index.php = 90
Undefined variable $logoutbtn = /index.php = 177
Undefined array key "login" = /index.php = 90
Undefined variable $logoutbtn = /index.php = 177
Undefined array key "login" = /index.php = 90
Undefined variable $logoutbtn = /index.php = 177
Undefined array key "login" = /index.php = 90
Undefined variable $logoutbtn = /index.php = 177
Undefined array key "login" = /index.php = 90
Undefined variable $logoutbtn = /index.php = 177
Undefined array key "login" = /index.php = 90
Undefined variable $logoutbtn = /index.php = 177
Undefined array key "login" = /index.php = 90
Undefined variable $logoutbtn = /index.php = 177
Undefined array key "login" = /index.php = 90
Undefined variable $logoutbtn = /index.php = 177
Undefined array key "login" = /index.php = 90
Undefined variable $logoutbtn = /index.php = 177
Undefined array key "login" = /index.php = 90
Undefined variable $logoutbtn = /index.php = 177
Undefined array key "login" = /index.php = 90
Undefined variable $logoutbtn = /index.php = 177
Undefined array key "login" = /index.php = 90
Undefined variable $logoutbtn = /index.php = 177
Undefined array key "login" = /index.php = 90
Undefined variable $logoutbtn = /index.php = 177
Undefined array key "login" = /index.php = 90
Undefined variable $logoutbtn = /index.php = 177
Undefined array key "login" = /index.php = 90
Undefined variable $logoutbtn = /index.php = 177
Undefined array key "login" = /index.php = 90
Undefined variable $logoutbtn = /index.php = 177
Undefined array key "login" = /index.php = 90
Undefined variable $logoutbtn = /index.php = 177
Undefined array key "login" = /index.php = 90
Undefined variable $logoutbtn = /index.php = 177
Undefined array key "login" = /index.php = 90
Undefined variable $logoutbtn = /index.php = 177
